WARNING: Allowed SPDX identifier 'Apache-2.0' is unused
