com.example:example:1.0.0
 - SPDX identifier 'BSD-3-Clause' allowed
