com.example:example:1.0.0
 - SPDX identifier 'MIT' allowed
