com.example:example:1.0.0
 - ERROR: Unknown license name 'Custom' with no URL is NOT allowed
