WARNING: Allowed license URL 'https://example.com/license' is unused
