com.example:example:1.0.0
 - ERROR: SPDX identifier 'Apache-2.0' is NOT allowed
