com.example:example:1.0.0
 - ERROR: Artifact declares no licenses!
